<?xml version="1.0" encoding="UTF-8"?><out><title>Reproducing Bugzilla#6284: predicate/global variable/position()</title>
<duplicate>found a duplicate at 1</duplicate>
<last>1</last></out>