<?xml version="1.0" encoding="UTF-8"?><html xmlns="http://www.w3.org/TR/REC-html40">
  <head>
    <title>My Title</title>
  </head>
  <body><a xmlns="" xmlns:html="http://www.w3.org/TR/REC-html40" name="prefix_1"/>
    <div>
      <div>
        <table>
          <tr>
            <td>
              <h1>My Title</h1>
            </td>
          </tr>
        </table>
      </div>
    </div>
  </body>
</html>