<?xml version="1.0" encoding="UTF-8"?><out><test-template>abc-should-appear-oncedef-should-appear-onceghi-should-appear-once</test-template></out>