<?xml version="1.0" encoding="UTF-8"?><EVENT xml:space="preserve">
	  
	  <DIR name="content">
		<STRING name="headline">
		  
			  NZx Morning Call-NZ ADRs flat, Telecom  TEL.NZ  slips
		  
		</STRING>
		<STRING name="story">
		      WELLINGTON, Oct 10 (Reuters) - Prices of 
selected New Zealand 
stocks listed in the United States, and the change from their 
close on the previous New Zealand and U.S. trading days. 
    All columns are shown converted to New Zealand shares and 
currency except the first column which shows the ADR priced in 
U.S. dollars: 
                         ADR      -----------Converted-------- 
                        Price     Price    Change vs    Volume 
 Company:                USD       NZD     NZ close      (000) 
 FCL Building FLB.N     11.16      2.71      
nil           30  
 FCL Forests  FFS.N      1.00      0.24      
nil          115  
 Telecom      NZT.N     14.28      4.33       -
4          125  
 Tranz Rail  TNZR.O      untraded 
    NOTE- The above rates were at 8:00 a.m. (NZT) when the Dow 
Jones Industrial Average  .DJI  was down 23 
points at 9,045. They 
are based on a conversion rate of NZ$=$0.4124. 
    On the New York Stock Exchange, Telecom American Depositary 
Receipts are traded in bundles of eight ordinary shares, while 
Fletcher Building and Forests shares are traded in bundles of 10. 
    On the Nasdaq exchange, Tranz Rail ADSs are traded in bundles 
of three ordinary shares. 
    ((Wellington newsroom, tel +64 +4 471-4277, fax +64 +4 473 
6212, wellington.newsroom@reuters.com)) 

		</STRING>
	  </DIR>
	  <DIR name="meta">
		<STRING name="providedby">NDS</STRING><STRING name="any">NDS</STRING><STRING name="companies">.NZ40</STRING><STRING name="any">.NZ40</STRING><STRING name="companies">FBU.NZ</STRING><STRING name="any">FBU.NZ</STRING><STRING name="companies">FFS.NZ</STRING><STRING name="any">FFS.NZ</STRING><STRING name="companies">TEL.NZ</STRING><STRING name="any">TEL.NZ</STRING><STRING name="companies">TRH.NZ</STRING><STRING name="any">TRH.NZ</STRING><STRING name="nameditem">NZ/ADR</STRING><STRING name="any">NZ/ADR</STRING><STRING name="topics">NZ</STRING><STRING name="any">NZ</STRING><STRING name="topics">ASIA</STRING><STRING name="any">ASIA</STRING><STRING name="topics">STX</STRING><STRING name="any">STX</STRING><STRING name="topics">US</STRING><STRING name="any">US</STRING><STRING name="topics">LEN</STRING><STRING name="any">LEN</STRING><STRING name="topics">RTRS</STRING><STRING name="any">RTRS</STRING><STRING name="products">ND</STRING><STRING name="any">ND</STRING><STRING name="products">E</STRING><STRING name="any">E</STRING><STRING name="products">RNP</STRING><STRING name="any">RNP</STRING><STRING name="products">DNP</STRING><STRING name="any">DNP</STRING><STRING name="products">PCO</STRING><STRING name="any">PCO</STRING><STRING name="products">PCU</STRING><STRING name="any">PCU</STRING><STRING name="headline_pes">511 376 408 416 433 443 458</STRING><STRING name="any">511 376 408 416 433 443 458</STRING><STRING name="story_pes">511 376 408 416 433 443 458</STRING><STRING name="any">511 376 408 416 433 443 458</STRING>
		
		<STRING name="provider">reuters.com</STRING>
		<STRING name="any">reuters.com</STRING>
		
		
		
		  <STRING name="attribution">RTRS</STRING>
		  <STRING name="any">RTRS</STRING>
		

		
		
		  <STRING name="language">EN</STRING>
		  <STRING name="any">EN</STRING>
		
	  </DIR>
	  <DIR name="teasers">
		<STRING name="teaser0"/>
		<STRING name="teaser1"/>
		<STRING name="teaser2"/>
		<STRING name="teaser3"/>
		<STRING name="teaser4"/>
	  </DIR>
	</EVENT>