<?xml version="1.0" encoding="UTF-8"?><html>
<body>Hello 9115 World</body>
</html>
