<?xml version="1.0" encoding="UTF-8"?><out><link ref=""/></out>