<?xml version="1.0" encoding="UTF-8"?><out xmlns:lxslt="http://xml.apache.org/xslt"><!--redirect-doc-comment--><redirect-doc-elem/></out>